#-----------------------------------------------------------
# Vivado v2025.1 (64-bit)
# SW Build 6140274 on Wed May 21 22:58:25 MDT 2025
# IP Build 6138677 on Thu May 22 03:10:11 MDT 2025
# SharedData Build 6139179 on Tue May 20 17:58:58 MDT 2025
# Start of session at: Sun Jun 15 20:19:12 2025
# Process ID         : 19397
# Current directory  : /home/benni/dev/echessboard/echessboard_vivado/echessboar_vivado.runs/instr_mem_synth_1
# Command line       : vivado -log instr_mem.vds -product Vivado -mode batch -messageDb vivado.pb -notrace -source instr_mem.tcl
# Log file           : /home/benni/dev/echessboard/echessboard_vivado/echessboar_vivado.runs/instr_mem_synth_1/instr_mem.vds
# Journal file       : /home/benni/dev/echessboard/echessboard_vivado/echessboar_vivado.runs/instr_mem_synth_1/vivado.jou
# Running On         : bennipc
# Platform           : Arch
# Operating System   : Arch Linux
# Processor Detail   : 11th Gen Intel(R) Core(TM) i7-11800H @ 2.30GHz
# CPU Frequency      : 4351.767 MHz
# CPU Physical cores : 8
# CPU Logical cores  : 16
# Host memory        : 16480 MB
# Swap memory        : 4294 MB
# Total Virtual      : 20775 MB
# Available Virtual  : 13064 MB
#-----------------------------------------------------------
source instr_mem.tcl -notrace
