Copyright 1986-2022 Xilinx, Inc. All Rights Reserved. Copyright 2022-2025 Advanced Micro Devices, Inc. All Rights Reserved.
---------------------------------------------------------------------------------------------------------------------------------------------
| Tool Version : Vivado v.2025.1 (lin64) Build 6140274 Wed May 21 22:58:25 MDT 2025
| Date         : Thu Jun 19 14:07:50 2025
| Host         : bennipc running 64-bit Arch Linux
| Command      : upgrade_ip
| Device       : xc7a100tcsg324-1
---------------------------------------------------------------------------------------------------------------------------------------------

Upgrade Log for IP 'data_mem'

1. Summary
----------

SUCCESS in the upgrade of data_mem (xilinx.com:ip:blk_mem_gen:8.4) from (Rev. 9) to (Rev. 11)






Copyright 1986-2022 Xilinx, Inc. All Rights Reserved. Copyright 2022-2025 Advanced Micro Devices, Inc. All Rights Reserved.
---------------------------------------------------------------------------------------------------------------------------------------------
| Tool Version : Vivado v.2025.1 (lin64) Build 6140274 Wed May 21 22:58:25 MDT 2025
| Date         : Tue Jun 17 21:43:56 2025
| Host         : bennipc running 64-bit Arch Linux
| Command      : upgrade_ip
| Device       : xc7a100tcsg324-1
---------------------------------------------------------------------------------------------------------------------------------------------

Upgrade Log for IP 'register_file'

1. Summary
----------

SUCCESS in the upgrade of register_file (xilinx.com:ip:dist_mem_gen:8.0) from (Rev. 15) to (Rev. 17)






Copyright 1986-2022 Xilinx, Inc. All Rights Reserved. Copyright 2022-2025 Advanced Micro Devices, Inc. All Rights Reserved.
---------------------------------------------------------------------------------------------------------------------------------------------
| Tool Version : Vivado v.2025.1 (lin64) Build 6140274 Wed May 21 22:58:25 MDT 2025
| Date         : Sun Jun 15 20:18:34 2025
| Host         : bennipc running 64-bit Arch Linux
| Command      : upgrade_ip
| Device       : xc7a100tcsg324-1
---------------------------------------------------------------------------------------------------------------------------------------------

Upgrade Log for IP 'instr_mem'

1. Summary
----------

SUCCESS in the upgrade of instr_mem (xilinx.com:ip:blk_mem_gen:8.4) from (Rev. 9) to (Rev. 11)

